[0m14:30:34.686160 [debug] [MainThread]: Sending event: {'category': 'dbt', 'action': 'invocation', 'label': 'start', 'context': [<snowplow_tracker.self_describing_json.SelfDescribingJson object at 0x0000012C818743E0>, <snowplow_tracker.self_describing_json.SelfDescribingJson object at 0x0000012C81877AA0>, <snowplow_tracker.self_describing_json.SelfDescribingJson object at 0x0000012C81DEE390>]}


============================== 14:30:34.686160 | 85558c63-1771-410a-90aa-1d3d81a2fa46 ==============================
[0m14:30:34.686160 [info ] [MainThread]: Running with dbt=1.11.7
[0m14:30:34.686160 [debug] [MainThread]: running dbt with arguments {'static_parser': 'True', 'no_print': 'None', 'version_check': 'True', 'target_path': 'None', 'warn_error_options': 'WarnErrorOptionsV2(error=[], warn=[], silence=[])', 'printer_width': '80', 'write_json': 'True', 'introspect': 'True', 'log_cache_events': 'False', 'empty': 'None', 'cache_selected_only': 'False', 'log_format': 'default', 'debug': 'False', 'fail_fast': 'False', 'profiles_dir': 'C:\\Users\\haris\\.dbt', 'send_anonymous_usage_stats': 'True', 'quiet': 'False', 'warn_error': 'None', 'partial_parse': 'True', 'indirect_selection': 'eager', 'invocation_command': 'dbt debug', 'use_colors': 'True', 'use_experimental_parser': 'False', 'log_path': 'logs'}
[0m14:30:34.760164 [info ] [MainThread]: dbt version: 1.11.7
[0m14:30:34.760164 [info ] [MainThread]: python version: 3.12.10
[0m14:30:34.760164 [info ] [MainThread]: python path: C:\Users\haris\OneDrive\Desktop\dbt\my-dbt-project\.venv\Scripts\python.exe
[0m14:30:34.760164 [info ] [MainThread]: os info: Windows-11-10.0.22000-SP0
[0m14:30:34.959674 [debug] [MainThread]: Snowflake adapter: Setting snowflake.connector to ERROR (file logging only)
[0m14:30:34.959674 [debug] [MainThread]: Snowflake adapter: Setting botocore to ERROR (file logging only)
[0m14:30:34.959674 [debug] [MainThread]: Snowflake adapter: Setting boto3 to ERROR (file logging only)
[0m14:30:35.040693 [info ] [MainThread]: Using profiles dir at C:\Users\haris\.dbt
[0m14:30:35.040693 [info ] [MainThread]: Using profiles.yml file at C:\Users\haris\.dbt\profiles.yml
[0m14:30:35.040693 [info ] [MainThread]: Using dbt_project.yml file at C:\Users\haris\OneDrive\Desktop\dbt\my-dbt-project\dbt_project.yml
[0m14:30:35.040693 [info ] [MainThread]: adapter type: snowflake
[0m14:30:35.040693 [info ] [MainThread]: adapter version: 1.11.3
[0m14:30:35.040693 [info ] [MainThread]: Configuration:
[0m14:30:35.040693 [info ] [MainThread]:   profiles.yml file [[32mOK found and valid[0m]
[0m14:30:35.040693 [info ] [MainThread]:   dbt_project.yml file [[31mERROR not found[0m]
[0m14:30:35.040693 [info ] [MainThread]: Required dependencies:
[0m14:30:35.040693 [debug] [MainThread]: Executing "git --help"
[0m14:30:35.084378 [debug] [MainThread]: STDOUT: "b"usage: git [-v | --version] [-h | --help] [-C <path>] [-c <name>=<value>]\n           [--exec-path[=<path>]] [--html-path] [--man-path] [--info-path]\n           [-p | --paginate | -P | --no-pager] [--no-replace-objects] [--no-lazy-fetch]\n           [--no-optional-locks] [--no-advice] [--bare] [--git-dir=<path>]\n           [--work-tree=<path>] [--namespace=<name>] [--config-env=<name>=<envvar>]\n           <command> [<args>]\n\nThese are common Git commands used in various situations:\n\nstart a working area (see also: git help tutorial)\n   clone      Clone a repository into a new directory\n   init       Create an empty Git repository or reinitialize an existing one\n\nwork on the current change (see also: git help everyday)\n   add        Add file contents to the index\n   mv         Move or rename a file, a directory, or a symlink\n   restore    Restore working tree files\n   rm         Remove files from the working tree and from the index\n\nexamine the history and state (see also: git help revisions)\n   bisect     Use binary search to find the commit that introduced a bug\n   diff       Show changes between commits, commit and working tree, etc\n   grep       Print lines matching a pattern\n   log        Show commit logs\n   show       Show various types of objects\n   status     Show the working tree status\n\ngrow, mark and tweak your common history\n   backfill   Download missing objects in a partial clone\n   branch     List, create, or delete branches\n   commit     Record changes to the repository\n   history    EXPERIMENTAL: Rewrite history\n   merge      Join two or more development histories together\n   rebase     Reapply commits on top of another base tip\n   reset      Set `HEAD` or the index to a known state\n   switch     Switch branches\n   tag        Create, list, delete or verify tags\n\ncollaborate (see also: git help workflows)\n   fetch      Download objects and refs from another repository\n   pull       Fetch from and integrate with another repository or a local branch\n   push       Update remote refs along with associated objects\n\n'git help -a' and 'git help -g' list available subcommands and some\nconcept guides. See 'git help <command>' or 'git help <concept>'\nto read about a specific subcommand or concept.\nSee 'git help git' for an overview of the system.\n""
[0m14:30:35.085374 [debug] [MainThread]: STDERR: "b''"
[0m14:30:35.085374 [info ] [MainThread]:  - git [[32mOK found[0m]

[0m14:30:35.085374 [info ] [MainThread]: Connection:
[0m14:30:35.086371 [info ] [MainThread]:   account: nkfzucd-ep07982
[0m14:30:35.086371 [info ] [MainThread]:   user: dbt
[0m14:30:35.086371 [info ] [MainThread]:   database: AIRBNB
[0m14:30:35.086371 [info ] [MainThread]:   warehouse: COMPUTE_WH
[0m14:30:35.087367 [info ] [MainThread]:   role: TRANSFORM
[0m14:30:35.087367 [info ] [MainThread]:   schema: DEV
[0m14:30:35.087367 [info ] [MainThread]:   authenticator: None
[0m14:30:35.087367 [info ] [MainThread]:   oauth_client_id: None
[0m14:30:35.088364 [info ] [MainThread]:   query_tag: None
[0m14:30:35.088364 [info ] [MainThread]:   client_session_keep_alive: False
[0m14:30:35.088364 [info ] [MainThread]:   host: None
[0m14:30:35.088364 [info ] [MainThread]:   port: None
[0m14:30:35.089361 [info ] [MainThread]:   proxy_host: None
[0m14:30:35.089361 [info ] [MainThread]:   proxy_port: None
[0m14:30:35.089361 [info ] [MainThread]:   protocol: None
[0m14:30:35.089361 [info ] [MainThread]:   connect_retries: 1
[0m14:30:35.089361 [info ] [MainThread]:   connect_timeout: None
[0m14:30:35.089361 [info ] [MainThread]:   retry_on_database_errors: False
[0m14:30:35.090357 [info ] [MainThread]:   retry_all: False
[0m14:30:35.090357 [info ] [MainThread]:   insecure_mode: False
[0m14:30:35.090357 [info ] [MainThread]:   reuse_connections: True
[0m14:30:35.090357 [info ] [MainThread]:   s3_stage_vpce_dns_name: None
[0m14:30:35.090357 [info ] [MainThread]:   platform_detection_timeout_seconds: 0.0
[0m14:30:35.091354 [info ] [MainThread]: Registered adapter: snowflake=1.11.3
[0m14:30:35.296399 [debug] [MainThread]: Acquiring new snowflake connection 'debug'
[0m14:30:35.355025 [debug] [MainThread]: Using snowflake connection "debug"
[0m14:30:35.355025 [debug] [MainThread]: On debug: select 1 as id
[0m14:30:35.355025 [debug] [MainThread]: Opening a new connection, currently in state init
[0m14:30:36.633601 [debug] [MainThread]: SQL status: SUCCESS 1 in 1.277 seconds
[0m14:30:36.635592 [info ] [MainThread]:   Connection test: [[32mOK connection ok[0m]

[0m14:30:36.636589 [info ] [MainThread]: [31m1 check failed:[0m
[0m14:30:36.637580 [info ] [MainThread]: Project loading failed for the following reason:
 project path <C:\Users\haris\OneDrive\Desktop\dbt\my-dbt-project\dbt_project.yml> not found

[0m14:30:36.637580 [debug] [MainThread]: Command `dbt debug` failed at 14:30:36.637580 after 2.04 seconds
[0m14:30:36.637580 [debug] [MainThread]: Connection 'debug' was left open.
[0m14:30:36.637580 [debug] [MainThread]: On debug: Close
[0m14:30:36.791064 [debug] [MainThread]: Sending event: {'category': 'dbt', 'action': 'invocation', 'label': 'end', 'context': [<snowplow_tracker.self_describing_json.SelfDescribingJson object at 0x0000012C814E4740>, <snowplow_tracker.self_describing_json.SelfDescribingJson object at 0x0000012C842C4410>, <snowplow_tracker.self_describing_json.SelfDescribingJson object at 0x0000012C83DDCE60>]}
[0m14:30:36.791064 [debug] [MainThread]: Flushing usage events
[0m14:30:37.200149 [debug] [MainThread]: An error was encountered while trying to flush usage events
[0m00:04:00.605366 [debug] [MainThread]: Sending event: {'category': 'dbt', 'action': 'invocation', 'label': 'start', 'context': [<snowplow_tracker.self_describing_json.SelfDescribingJson object at 0x000002691D4F48F0>, <snowplow_tracker.self_describing_json.SelfDescribingJson object at 0x000002691D4F4EC0>, <snowplow_tracker.self_describing_json.SelfDescribingJson object at 0x000002691D4F4BF0>]}


============================== 00:04:00.609369 | 96efa3f2-e6fa-4f8a-858e-a164314aa5be ==============================
[0m00:04:00.609369 [info ] [MainThread]: Running with dbt=1.11.7
[0m00:04:00.609369 [debug] [MainThread]: running dbt with arguments {'static_parser': 'True', 'no_print': 'None', 'version_check': 'True', 'target_path': 'None', 'warn_error_options': 'WarnErrorOptionsV2(error=[], warn=[], silence=[])', 'printer_width': '80', 'write_json': 'True', 'introspect': 'True', 'log_cache_events': 'False', 'empty': 'None', 'cache_selected_only': 'False', 'fail_fast': 'False', 'debug': 'False', 'log_format': 'default', 'partial_parse': 'True', 'send_anonymous_usage_stats': 'True', 'quiet': 'False', 'warn_error': 'None', 'profiles_dir': 'C:\\Users\\haris\\.dbt', 'indirect_selection': 'eager', 'use_colors': 'True', 'invocation_command': 'dbt debug', 'use_experimental_parser': 'False', 'log_path': 'logs'}
[0m00:04:00.637129 [info ] [MainThread]: dbt version: 1.11.7
[0m00:04:00.637129 [info ] [MainThread]: python version: 3.12.10
[0m00:04:00.637129 [info ] [MainThread]: python path: C:\Users\haris\OneDrive\Desktop\dbt\my-dbt-project\.venv\Scripts\python.exe
[0m00:04:00.637129 [info ] [MainThread]: os info: Windows-11-10.0.26200-SP0
[0m00:04:01.283193 [debug] [MainThread]: Snowflake adapter: Setting snowflake.connector to ERROR (file logging only)
[0m00:04:01.283193 [debug] [MainThread]: Snowflake adapter: Setting botocore to ERROR (file logging only)
[0m00:04:01.283193 [debug] [MainThread]: Snowflake adapter: Setting boto3 to ERROR (file logging only)
[0m00:04:01.384505 [info ] [MainThread]: Using profiles dir at C:\Users\haris\.dbt
[0m00:04:01.386507 [info ] [MainThread]: Using profiles.yml file at C:\Users\haris\.dbt\profiles.yml
[0m00:04:01.386507 [info ] [MainThread]: Using dbt_project.yml file at C:\Users\haris\OneDrive\Desktop\dbt\my-dbt-project\dbt_project.yml
[0m00:04:01.386507 [info ] [MainThread]: adapter type: snowflake
[0m00:04:01.386507 [info ] [MainThread]: adapter version: 1.11.3
[0m00:04:01.386507 [info ] [MainThread]: Configuration:
[0m00:04:01.386507 [info ] [MainThread]:   profiles.yml file [[32mOK found and valid[0m]
[0m00:04:01.386507 [info ] [MainThread]:   dbt_project.yml file [[31mERROR not found[0m]
[0m00:04:01.390380 [info ] [MainThread]: Required dependencies:
[0m00:04:01.390380 [debug] [MainThread]: Executing "git --help"
[0m00:04:01.455403 [debug] [MainThread]: STDOUT: "b"usage: git [-v | --version] [-h | --help] [-C <path>] [-c <name>=<value>]\n           [--exec-path[=<path>]] [--html-path] [--man-path] [--info-path]\n           [-p | --paginate | -P | --no-pager] [--no-replace-objects] [--no-lazy-fetch]\n           [--no-optional-locks] [--no-advice] [--bare] [--git-dir=<path>]\n           [--work-tree=<path>] [--namespace=<name>] [--config-env=<name>=<envvar>]\n           <command> [<args>]\n\nThese are common Git commands used in various situations:\n\nstart a working area (see also: git help tutorial)\n   clone      Clone a repository into a new directory\n   init       Create an empty Git repository or reinitialize an existing one\n\nwork on the current change (see also: git help everyday)\n   add        Add file contents to the index\n   mv         Move or rename a file, a directory, or a symlink\n   restore    Restore working tree files\n   rm         Remove files from the working tree and from the index\n\nexamine the history and state (see also: git help revisions)\n   bisect     Use binary search to find the commit that introduced a bug\n   diff       Show changes between commits, commit and working tree, etc\n   grep       Print lines matching a pattern\n   log        Show commit logs\n   show       Show various types of objects\n   status     Show the working tree status\n\ngrow, mark and tweak your common history\n   backfill   Download missing objects in a partial clone\n   branch     List, create, or delete branches\n   commit     Record changes to the repository\n   history    EXPERIMENTAL: Rewrite history\n   merge      Join two or more development histories together\n   rebase     Reapply commits on top of another base tip\n   reset      Set `HEAD` or the index to a known state\n   switch     Switch branches\n   tag        Create, list, delete or verify tags\n\ncollaborate (see also: git help workflows)\n   fetch      Download objects and refs from another repository\n   pull       Fetch from and integrate with another repository or a local branch\n   push       Update remote refs along with associated objects\n\n'git help -a' and 'git help -g' list available subcommands and some\nconcept guides. See 'git help <command>' or 'git help <concept>'\nto read about a specific subcommand or concept.\nSee 'git help git' for an overview of the system.\n""
[0m00:04:01.455403 [debug] [MainThread]: STDERR: "b''"
[0m00:04:01.455403 [info ] [MainThread]:  - git [[32mOK found[0m]

[0m00:04:01.457405 [info ] [MainThread]: Connection:
[0m00:04:01.457405 [info ] [MainThread]:   account: nkfzucd-ep07982
[0m00:04:01.457405 [info ] [MainThread]:   user: dbt
[0m00:04:01.457405 [info ] [MainThread]:   database: AIRBNB
[0m00:04:01.457405 [info ] [MainThread]:   warehouse: COMPUTE_WH
[0m00:04:01.457405 [info ] [MainThread]:   role: TRANSFORM
[0m00:04:01.457405 [info ] [MainThread]:   schema: DEV
[0m00:04:01.457405 [info ] [MainThread]:   authenticator: None
[0m00:04:01.457405 [info ] [MainThread]:   oauth_client_id: None
[0m00:04:01.457405 [info ] [MainThread]:   query_tag: None
[0m00:04:01.457405 [info ] [MainThread]:   client_session_keep_alive: False
[0m00:04:01.457405 [info ] [MainThread]:   host: None
[0m00:04:01.457405 [info ] [MainThread]:   port: None
[0m00:04:01.457405 [info ] [MainThread]:   proxy_host: None
[0m00:04:01.457405 [info ] [MainThread]:   proxy_port: None
[0m00:04:01.457405 [info ] [MainThread]:   protocol: None
[0m00:04:01.457405 [info ] [MainThread]:   connect_retries: 1
[0m00:04:01.457405 [info ] [MainThread]:   connect_timeout: None
[0m00:04:01.457405 [info ] [MainThread]:   retry_on_database_errors: False
[0m00:04:01.457405 [info ] [MainThread]:   retry_all: False
[0m00:04:01.462571 [info ] [MainThread]:   insecure_mode: False
[0m00:04:01.462571 [info ] [MainThread]:   reuse_connections: True
[0m00:04:01.462571 [info ] [MainThread]:   s3_stage_vpce_dns_name: None
[0m00:04:01.462571 [info ] [MainThread]:   platform_detection_timeout_seconds: 0.0
[0m00:04:01.463579 [info ] [MainThread]: Registered adapter: snowflake=1.11.3
[0m00:04:01.706396 [debug] [MainThread]: Acquiring new snowflake connection 'debug'
[0m00:04:01.869609 [debug] [MainThread]: Using snowflake connection "debug"
[0m00:04:01.869609 [debug] [MainThread]: On debug: select 1 as id
[0m00:04:01.869609 [debug] [MainThread]: Opening a new connection, currently in state init
[0m00:04:02.720763 [debug] [MainThread]: SQL status: SUCCESS 1 in 0.863 seconds
[0m00:04:02.720763 [info ] [MainThread]:   Connection test: [[32mOK connection ok[0m]

[0m00:04:02.720763 [info ] [MainThread]: [31m1 check failed:[0m
[0m00:04:02.736732 [info ] [MainThread]: Project loading failed for the following reason:
 project path <C:\Users\haris\OneDrive\Desktop\dbt\my-dbt-project\dbt_project.yml> not found

[0m00:04:02.736732 [debug] [MainThread]: Command `dbt debug` failed at 00:04:02.736732 after 2.26 seconds
[0m00:04:02.736732 [debug] [MainThread]: Connection 'debug' was left open.
[0m00:04:02.736732 [debug] [MainThread]: On debug: Close
[0m00:04:02.928688 [debug] [MainThread]: Sending event: {'category': 'dbt', 'action': 'invocation', 'label': 'end', 'context': [<snowplow_tracker.self_describing_json.SelfDescribingJson object at 0x000002691CC757C0>, <snowplow_tracker.self_describing_json.SelfDescribingJson object at 0x000002691F5FFF80>, <snowplow_tracker.self_describing_json.SelfDescribingJson object at 0x000002691FBB91C0>]}
[0m00:04:02.939463 [debug] [MainThread]: Flushing usage events
[0m00:04:03.335543 [debug] [MainThread]: An error was encountered while trying to flush usage events
[0m18:56:29.152343 [debug] [MainThread]: Sending event: {'category': 'dbt', 'action': 'invocation', 'label': 'start', 'context': [<snowplow_tracker.self_describing_json.SelfDescribingJson object at 0x00000245CC840E90>, <snowplow_tracker.self_describing_json.SelfDescribingJson object at 0x00000245CC840D40>, <snowplow_tracker.self_describing_json.SelfDescribingJson object at 0x00000245CC842DB0>]}


============================== 18:56:29.152343 | d0decfe6-ffa6-4c82-a202-ec4f931fdfda ==============================
[0m18:56:29.152343 [info ] [MainThread]: Running with dbt=1.11.7
[0m18:56:29.152343 [debug] [MainThread]: running dbt with arguments {'version_check': 'True', 'no_print': 'None', 'static_parser': 'True', 'warn_error_options': 'WarnErrorOptionsV2(error=[], warn=[], silence=[])', 'target_path': 'None', 'printer_width': '80', 'write_json': 'True', 'empty': 'False', 'log_cache_events': 'False', 'introspect': 'True', 'cache_selected_only': 'False', 'log_format': 'default', 'debug': 'False', 'fail_fast': 'False', 'profiles_dir': 'C:\\Users\\haris\\.dbt', 'send_anonymous_usage_stats': 'True', 'quiet': 'False', 'warn_error': 'None', 'partial_parse': 'True', 'invocation_command': 'dbt run', 'use_colors': 'True', 'indirect_selection': 'eager', 'use_experimental_parser': 'False', 'log_path': 'logs'}
[0m18:56:29.152343 [error] [MainThread]: Encountered an error:
Runtime Error
  No dbt_project.yml found at expected path C:\Users\haris\OneDrive\Desktop\dbt\my-dbt-project\dbt_project.yml
  Verify that each entry within packages.yml (and their transitive dependencies) contains a file named dbt_project.yml
  
[0m18:56:29.152343 [debug] [MainThread]: Command `dbt run` failed at 18:56:29.152343 after 0.16 seconds
[0m18:56:29.152343 [debug] [MainThread]: Sending event: {'category': 'dbt', 'action': 'invocation', 'label': 'end', 'context': [<snowplow_tracker.self_describing_json.SelfDescribingJson object at 0x00000245CCB40500>, <snowplow_tracker.self_describing_json.SelfDescribingJson object at 0x00000245CC173050>, <snowplow_tracker.self_describing_json.SelfDescribingJson object at 0x00000245CC172C30>]}
[0m18:56:29.152343 [debug] [MainThread]: Flushing usage events
[0m18:56:29.558590 [debug] [MainThread]: An error was encountered while trying to flush usage events
{"data":{"log_version":3,"version":"=2.0.0-preview.193"},"info":{"category":"","code":"A001","extra":{},"invocation_id":"019f1a16-6d39-7831-bc06-cd3bb956ba24","level":"info","msg":"Running with dbt-fusion=2.0.0-preview.193","name":"MainReportVersion","pid":22716,"thread":"tokio-rt-worker","ts":"2026-06-30T19:51:45.214418Z"}}
{"data":{"args":{"debug":"false","invocation_command":"C:\\Users\\haris\\.local\\bin\\dbt.exe license info --json --log-format json","log_format":"json","quiet":"false","write_json":"true"}},"info":{"category":"","code":"A002","extra":{},"invocation_id":"019f1a16-6d39-7831-bc06-cd3bb956ba24","level":"debug","msg":"running dbt-fusion with arguments {\"command\":\"license\",\"vars\":\"{}\",\"limit\":\"10\",\"debug\":false,\"log_format\":\"json\",\"quiet\":false,\"write_json\":true,\"write_catalog\":false,\"manage_state\":false}","name":"MainReportArgs","pid":22716,"thread":"tokio-rt-worker","ts":"2026-06-30T19:51:45.214454Z"}}
{"data":{},"info":{"category":"","code":"","extra":{},"invocation_id":"019f1a16-6d39-7831-bc06-cd3bb956ba24","level":"debug","msg":"No platform credentials found, skipping remote license","name":"Generic","pid":22716,"thread":"tokio-rt-worker","ts":"2026-06-30T19:51:45.225212Z"}}
{"data":{},"info":{"category":"","code":"","extra":{},"invocation_id":"019f1a16-6d39-7831-bc06-cd3bb956ba24","level":"debug","msg":"Requesting trial license from https://cloud.getdbt.com/api/private/trial-licenses/","name":"Generic","pid":22716,"thread":"main","ts":"2026-06-30T19:51:46.164311Z"}}
{"data":{},"info":{"category":"","code":"","extra":{},"invocation_id":"019f1a16-6d39-7831-bc06-cd3bb956ba24","level":"debug","msg":"Trial license retrieved","name":"Generic","pid":22716,"thread":"main","ts":"2026-06-30T19:51:46.266067Z"}}
{"data":{},"info":{"category":"","code":"","extra":{},"invocation_id":"019f1a16-6d39-7831-bc06-cd3bb956ba24","level":"debug","msg":"License loaded from trial license server","name":"Generic","pid":22716,"thread":"tokio-rt-worker","ts":"2026-06-30T19:51:46.858814Z"}}
{"data":{"columns":[],"is_inline":true,"node_name":"license_info","output_format":"json","preview":"{\n  \"status\": \"valid\",\n  \"licensing_enabled\": true,\n  \"features\": [\n    \"compare\",\n    \"strict-static-analysis\"\n  ],\n  \"issued_at\": \"2026-06-30T19:51:45+00:00\",\n  \"expires_at\": \"2026-07-14T17:41:35+00:00\",\n  \"license_type\": \"trial\",\n  \"machine_id\": \"8e6e242fb7e190c752ea622bdbb67eaca6f1d942ccca443b2136c0487260c355\",\n  \"days_remaining\": 13,\n  \"trial_start_date\": \"2026-06-30T17:41:35+00:00\"\n}","unique_id":"license.info"},"info":{"category":"","code":"Q041","extra":{},"invocation_id":"019f1a16-6d39-7831-bc06-cd3bb956ba24","level":"info","msg":"{\n  \"status\": \"valid\",\n  \"licensing_enabled\": true,\n  \"features\": [\n    \"compare\",\n    \"strict-static-analysis\"\n  ],\n  \"issued_at\": \"2026-06-30T19:51:45+00:00\",\n  \"expires_at\": \"2026-07-14T17:41:35+00:00\",\n  \"license_type\": \"trial\",\n  \"machine_id\": \"8e6e242fb7e190c752ea622bdbb67eaca6f1d942ccca443b2136c0487260c355\",\n  \"days_remaining\": 13,\n  \"trial_start_date\": \"2026-06-30T17:41:35+00:00\"\n}","name":"ShowNode","pid":22716,"thread":"tokio-rt-worker","ts":"2026-06-30T19:51:47.429173Z"}}
{"data":{"completed_at":"2026-06-30T19:51:47.460085Z","elapsed":2.245988368988037,"success":true},"info":{"category":"","code":"Q039","extra":{},"invocation_id":"019f1a16-6d39-7831-bc06-cd3bb956ba24","level":"info","msg":"\n==================== Execution Summary =====================\nFinished 'license' successfully [2.2s]","name":"CommandCompleted","pid":22716,"thread":"tokio-rt-worker","ts":"2026-06-30T19:51:47.460299Z"}}
==================== 2026-06-30T19:55:40.062718Z | 019f1a1a-029c-7913-bec9-d8192e77b921 ====================
19:55:40.062941 [info ]: Installing dbt project and profile setup
19:55:40.092928 [info ]: Info Created .vscode/extensions.json with dbt extension recommendation
19:55:40.093357 [info ]: Success Project created successfully!
19:55:40.093435 [info ]: Info Project name: jaffle_shop
19:55:40.093614 [info ]: Info Project directory: jaffle_shop
19:55:40.093813 [info ]: Info Setting up your profile...
19:55:40.094310 [info ]: Loading ~/.dbt/profiles.yml
19:55:40.095159 [info ]: Info Creating new profile...
19:56:20.761374 [info ]: No dbt_cloud.yml found - proceeding without cloud pre-population
20:03:04.496614 [info ]: Success Profile written to C:\Users\haris\.dbt\profiles.yml
20:03:04.496890 [info ]: Validating profile inputs, adapters, and connection

20:03:04.497210 [info ]: dbt-fusion 2.0.0-preview.193
20:03:04.497790 [info ]: Started loading project
20:03:04.500118 [info ]: Loading ~/.dbt/profiles.yml
20:03:04.501684 [info ]: Finished loading project [  0.00s]
20:03:04.502112 [info ]: Started debugging
20:03:04.502364 [info ]: Debugging profile: dev
20:03:04.502584 [info ]: Debugging dbt version: 2.0.0-preview.193
20:03:04.502830 [info ]: Debugging platform: windows x86_64 (windows)
20:03:04.503136 [info ]: Debugging adapter type: snowflake (remote)
20:03:04.599085 [info ]: Debugging dependencies:
  git: OK
20:03:04.600095 [info ]: Debugging connection:
  "account": "gilkbhb-ko28912",
  "user": "admin",
  "database": "raw",
  "warehouse": "transforming",
  "schema": "jaffle_shop",
  "role": "admin"
20:03:08.227724 [info ]: Finished debugging [  3.73s]
20:03:08.228325 [error]: [AuthenticationFailed (dbt1011)]: dbt was unable to connect to the specified database.
The following error was returned:

[Snowflake] 390100 (08004): Incorrect username or password was specified.

Check your database credentials and try again. For more information, visit:
https://docs.getdbt.com/docs/core/connect-data-platform/connection-profiles
20:03:08.441901 [info ]: 
==================== Execution Summary =====================
Finished 'init' with 1 error for target 'dev' [7m 28s]
